it works!it works!it works!it works!it works!it works!
STATIC